// Jest Snapshot v1, https://goo.gl/fbAQLP

exports[`Footer renders the footer text correctly 1`] = `
<footer>
  Created by Santiago Mu√±oz
</footer>
`;
